
> i-p-c@0.0.0 build
> vite build

vite v8.0.8 building client environment for production...
[2Ktransforming...✓ 3153 modules transformed.
rendering chunks...
✗ Build failed in 758ms
error during build:
Build failed with 1 error:

[31m[MISSING_EXPORT] Error:[0m "Tool" is not exported by "node_modules/lucide-react/dist/esm/lucide-react.js".
   [38;5;246m╭[0m[38;5;246m─[0m[38;5;246m[[0m src/modules/admin/ITModule.jsx:3:196 [38;5;246m][0m
   [38;5;246m│[0m
 [38;5;246m3 │[0m [38;5;249mi[0m[38;5;249mm[0m[38;5;249mp[0m[38;5;249mo[0m[38;5;249mr[0m[38;5;249mt[0m[38;5;249m [0m[38;5;249m{[0m[38;5;249m [0m[38;5;249mS[0m[38;5;249mh[0m[38;5;249mi[0m[38;5;249me[0m[38;5;249ml[0m[38;5;249md[0m[38;5;249m,[0m[38;5;249m [0m[38;5;249mS[0m[38;5;249me[0m[38;5;249mr[0m[38;5;249mv[0m[38;5;249me[0m[38;5;249mr[0m[38;5;249m,[0m[38;5;249m [0m[38;5;249mT[0m[38;5;249mi[0m[38;5;249mc[0m[38;5;249mk[0m[38;5;249me[0m[38;5;249mt[0m[38;5;249m,[0m[38;5;249m [0m[38;5;249mL[0m[38;5;249mi[0m[38;5;249ms[0m[38;5;249mt[0m[38;5;249mF[0m[38;5;249mi[0m[38;5;249ml[0m[38;5;249mt[0m[38;5;249me[0m[38;5;249mr[0m[38;5;249m,[0m[38;5;249m [0m[38;5;249mC[0m[38;5;249mp[0m[38;5;249mu[0m[38;5;249m,[0m[38;5;249m [0m[38;5;249mT[0m[38;5;249me[0m[38;5;249mr[0m[38;5;249mm[0m[38;5;249mi[0m[38;5;249mn[0m[38;5;249ma[0m[38;5;249ml[0m[38;5;249m,[0m[38;5;249m [0m[38;5;249mA[0m[38;5;249mc[0m[38;5;249mt[0m[38;5;249mi[0m[38;5;249mv[0m[38;5;249mi[0m[38;5;249mt[0m[38;5;249my[0m[38;5;249m,[0m[38;5;249m [0m[38;5;249mL[0m[38;5;249mo[0m[38;5;249mc[0m[38;5;249mk[0m[38;5;249m,[0m[38;5;249m [0m[38;5;249mS[0m[38;5;249me[0m[38;5;249ma[0m[38;5;249mr[0m[38;5;249mc[0m[38;5;249mh[0m[38;5;249m,[0m[38;5;249m [0m[38;5;249mP[0m[38;5;249ml[0m[38;5;249mu[0m[38;5;249ms[0m[38;5;249m,[0m[38;5;249m [0m[38;5;249mM[0m[38;5;249mo[0m[38;5;249mn[0m[38;5;249mi[0m[38;5;249mt[0m[38;5;249mo[0m[38;5;249mr[0m[38;5;249m,[0m[38;5;249m [0m[38;5;249mS[0m[38;5;249mm[0m[38;5;249ma[0m[38;5;249mr[0m[38;5;249mt[0m[38;5;249mp[0m[38;5;249mh[0m[38;5;249mo[0m[38;5;249mn[0m[38;5;249me[0m[38;5;249m,[0m[38;5;249m [0m[38;5;249mH[0m[38;5;249ma[0m[38;5;249mr[0m[38;5;249md[0m[38;5;249mD[0m[38;5;249mr[0m[38;5;249mi[0m[38;5;249mv[0m[38;5;249me[0m[38;5;249m,[0m[38;5;249m [0m[38;5;249mS[0m[38;5;249me[0m[38;5;249mt[0m[38;5;249mt[0m[38;5;249mi[0m[38;5;249mn[0m[38;5;249mg[0m[38;5;249ms[0m[38;5;249m,[0m[38;5;249m [0m[38;5;249mA[0m[38;5;249ml[0m[38;5;249me[0m[38;5;249mr[0m[38;5;249mt[0m[38;5;249mC[0m[38;5;249mi[0m[38;5;249mr[0m[38;5;249mc[0m[38;5;249ml[0m[38;5;249me[0m[38;5;249m,[0m[38;5;249m [0m[38;5;249mC[0m[38;5;249mh[0m[38;5;249me[0m[38;5;249mc[0m[38;5;249mk[0m[38;5;249mC[0m[38;5;249mi[0m[38;5;249mr[0m[38;5;249mc[0m[38;5;249ml[0m[38;5;249me[0m[38;5;249m2[0m[38;5;249m,[0m[38;5;249m [0m[38;5;249mH[0m[38;5;249mi[0m[38;5;249ms[0m[38;5;249mt[0m[38;5;249mo[0m[38;5;249mr[0m[38;5;249my[0m[38;5;249m,[0m[38;5;249m [0m[38;5;249mC[0m[38;5;249mh[0m[38;5;249me[0m[38;5;249mv[0m[38;5;249mr[0m[38;5;249mo[0m[38;5;249mn[0m[38;5;249mR[0m[38;5;249mi[0m[38;5;249mg[0m[38;5;249mh[0m[38;5;249mt[0m[38;5;249m,[0m[38;5;249m [0m[38;5;249mS[0m[38;5;249mh[0m[38;5;249mi[0m[38;5;249me[0m[38;5;249ml[0m[38;5;249md[0m[38;5;249mA[0m[38;5;249ml[0m[38;5;249me[0m[38;5;249mr[0m[38;5;249mt[0m[38;5;249m,[0m[38;5;249m [0mTool[38;5;249m,[0m[38;5;249m [0m[38;5;249mC[0m[38;5;249ml[0m[38;5;249mo[0m[38;5;249mc[0m[38;5;249mk[0m[38;5;249m,[0m[38;5;249m [0m[38;5;249mG[0m[38;5;249ml[0m[38;5;249mo[0m[38;5;249mb[0m[38;5;249me[0m[38;5;249m,[0m[38;5;249m [0m[38;5;249mS[0m[38;5;249mh[0m[38;5;249mi[0m[38;5;249me[0m[38;5;249ml[0m[38;5;249md[0m[38;5;249mX[0m[38;5;249m,[0m[38;5;249m [0m[38;5;249mK[0m[38;5;249me[0m[38;5;249my[0m[38;5;249m [0m[38;5;249m}[0m[38;5;249m [0m[38;5;249mf[0m[38;5;249mr[0m[38;5;249mo[0m[38;5;249mm[0m[38;5;249m [0m[38;5;249m"[0m[38;5;249ml[0m[38;5;249mu[0m[38;5;249mc[0m[38;5;249mi[0m[38;5;249md[0m[38;5;249me[0m[38;5;249m-[0m[38;5;249mr[0m[38;5;249me[0m[38;5;249ma[0m[38;5;249mc[0m[38;5;249mt[0m[38;5;249m"[0m[38;5;249m;[0m
 [38;5;240m  │[0m                                                                                                                                                                                                    ──┬─  
 [38;5;240m  │[0m                                                                                                                                                                                                      ╰─── Missing export
[38;5;246m───╯[0m

    at aggregateBindingErrorsIntoJsError (file:///Users/yomanraphael/develop/I.P.C/node_modules/rolldown/dist/shared/error-w0u7biK-.mjs:48:18)
    at unwrapBindingResult (file:///Users/yomanraphael/develop/I.P.C/node_modules/rolldown/dist/shared/error-w0u7biK-.mjs:18:128)
    at #build (file:///Users/yomanraphael/develop/I.P.C/node_modules/rolldown/dist/shared/rolldown-build-DtGk-m96.mjs:3313:34)
    at async buildEnvironment (file:///Users/yomanraphael/develop/I.P.C/node_modules/vite/dist/node/chunks/node.js:32954:64)
    at async Object.build (file:///Users/yomanraphael/develop/I.P.C/node_modules/vite/dist/node/chunks/node.js:33376:19)
    at async Object.buildApp (file:///Users/yomanraphael/develop/I.P.C/node_modules/vite/dist/node/chunks/node.js:33373:153)
    at async CAC.<anonymous> (file:///Users/yomanraphael/develop/I.P.C/node_modules/vite/dist/node/cli.js:778:3) {
  errors: [Getter/Setter]
}
